[2024-11-13T12:01:54.301+0100][0.012s] CardTable entry size: 512
[2024-11-13T12:01:54.302+0100][0.013s] Using G1
[2024-11-13T12:01:54.628+0100][0.339s] Version: 21.0.2+13-58 (release)
[2024-11-13T12:01:54.629+0100][0.339s] CPUs: 8 total, 8 available
[2024-11-13T12:01:54.629+0100][0.339s] Memory: 8192M
[2024-11-13T12:01:54.629+0100][0.339s] Large Page Support: Disabled
[2024-11-13T12:01:54.629+0100][0.339s] NUMA Support: Disabled
[2024-11-13T12:01:54.629+0100][0.339s] Compressed Oops: Enabled (Zero based)
[2024-11-13T12:01:54.629+0100][0.339s] Heap Region Size: 1M
[2024-11-13T12:01:54.629+0100][0.339s] Heap Min Capacity: 512M
[2024-11-13T12:01:54.629+0100][0.339s] Heap Initial Capacity: 512M
[2024-11-13T12:01:54.629+0100][0.339s] Heap Max Capacity: 512M
[2024-11-13T12:01:54.629+0100][0.339s] Pre-touch: Enabled
[2024-11-13T12:01:54.629+0100][0.339s] Parallel Workers: 8
[2024-11-13T12:01:54.629+0100][0.339s] Concurrent Workers: 2
[2024-11-13T12:01:54.629+0100][0.339s] Concurrent Refinement Workers: 8
[2024-11-13T12:01:54.629+0100][0.339s] Periodic GC: Disabled
[2024-11-13T12:01:54.640+0100][0.350s] CDS archive(s) mapped at: [0x0000000121000000-0x0000000121ca4000-0x0000000121ca4000), size 13254656, SharedBaseAddress: 0x0000000121000000, ArchiveRelocationMode: 1.
[2024-11-13T12:01:54.640+0100][0.350s] Compressed class space mapped at: 0x0000000122000000-0x0000000162000000, reserved size: 1073741824
[2024-11-13T12:01:54.640+0100][0.350s] Narrow klass base: 0x0000000121000000, Narrow klass shift: 0, Narrow klass range: 0x100000000
[2024-11-13T12:01:55.760+0100][1.470s] GC(0) Pause Young (Normal) (G1 Evacuation Pause)
[2024-11-13T12:01:55.761+0100][1.471s] GC(0) Using 8 workers of 8 for evacuation
[2024-11-13T12:01:55.765+0100][1.475s] GC(0)   Pre Evacuate Collection Set: 0.1ms
[2024-11-13T12:01:55.765+0100][1.475s] GC(0)   Merge Heap Roots: 0.1ms
[2024-11-13T12:01:55.765+0100][1.475s] GC(0)   Evacuate Collection Set: 3.1ms
[2024-11-13T12:01:55.765+0100][1.475s] GC(0)   Post Evacuate Collection Set: 0.6ms
[2024-11-13T12:01:55.765+0100][1.475s] GC(0)   Other: 0.9ms
[2024-11-13T12:01:55.765+0100][1.475s] GC(0) Eden regions: 29->0(52)
[2024-11-13T12:01:55.765+0100][1.475s] GC(0) Survivor regions: 0->4(4)
[2024-11-13T12:01:55.765+0100][1.475s] GC(0) Old regions: 2->2
[2024-11-13T12:01:55.765+0100][1.475s] GC(0) Humongous regions: 0->0
[2024-11-13T12:01:55.765+0100][1.475s] GC(0) Metaspace: 9936K(10176K)->9936K(10176K) NonClass: 8797K(8960K)->8797K(8960K) Class: 1139K(1216K)->1139K(1216K)
[2024-11-13T12:01:55.765+0100][1.475s] GC(0) Pause Young (Normal) (G1 Evacuation Pause) 30M->5M(512M) 5.297ms
[2024-11-13T12:01:55.765+0100][1.475s] GC(0) User=0.03s Sys=0.00s Real=0.00s
[2024-11-13T12:01:56.685+0100][2.396s] GC(1) Pause Young (Normal) (G1 Evacuation Pause)
[2024-11-13T12:01:56.686+0100][2.396s] GC(1) Using 8 workers of 8 for evacuation
[2024-11-13T12:01:56.696+0100][2.406s] GC(1)   Pre Evacuate Collection Set: 0.1ms
[2024-11-13T12:01:56.696+0100][2.406s] GC(1)   Merge Heap Roots: 0.1ms
[2024-11-13T12:01:56.696+0100][2.406s] GC(1)   Evacuate Collection Set: 9.2ms
[2024-11-13T12:01:56.696+0100][2.406s] GC(1)   Post Evacuate Collection Set: 0.7ms
[2024-11-13T12:01:56.696+0100][2.406s] GC(1)   Other: 0.1ms
[2024-11-13T12:01:56.696+0100][2.406s] GC(1) Eden regions: 52->0(118)
[2024-11-13T12:01:56.696+0100][2.406s] GC(1) Survivor regions: 4->7(7)
[2024-11-13T12:01:56.696+0100][2.406s] GC(1) Old regions: 2->10
[2024-11-13T12:01:56.696+0100][2.406s] GC(1) Humongous regions: 4->4
[2024-11-13T12:01:56.696+0100][2.406s] GC(1) Metaspace: 19503K(19904K)->19503K(19904K) NonClass: 17238K(17472K)->17238K(17472K) Class: 2265K(2432K)->2265K(2432K)
[2024-11-13T12:01:56.696+0100][2.406s] GC(1) Pause Young (Normal) (G1 Evacuation Pause) 61M->19M(512M) 10.705ms
[2024-11-13T12:01:56.696+0100][2.406s] GC(1) User=0.08s Sys=0.00s Real=0.01s
[2024-11-13T12:01:57.076+0100][2.786s] GC(2) Pause Young (Concurrent Start) (Metadata GC Threshold)
[2024-11-13T12:01:57.076+0100][2.786s] GC(2) Using 8 workers of 8 for evacuation
[2024-11-13T12:01:57.081+0100][2.792s] GC(2)   Pre Evacuate Collection Set: 0.2ms
[2024-11-13T12:01:57.081+0100][2.792s] GC(2)   Merge Heap Roots: 0.1ms
[2024-11-13T12:01:57.081+0100][2.792s] GC(2)   Evacuate Collection Set: 4.7ms
[2024-11-13T12:01:57.081+0100][2.792s] GC(2)   Post Evacuate Collection Set: 0.4ms
[2024-11-13T12:01:57.081+0100][2.792s] GC(2)   Other: 0.1ms
[2024-11-13T12:01:57.082+0100][2.792s] GC(2) Eden regions: 57->0(294)
[2024-11-13T12:01:57.082+0100][2.792s] GC(2) Survivor regions: 7->13(15)
[2024-11-13T12:01:57.082+0100][2.792s] GC(2) Old regions: 10->10
[2024-11-13T12:01:57.082+0100][2.792s] GC(2) Humongous regions: 4->4
[2024-11-13T12:01:57.082+0100][2.792s] GC(2) Metaspace: 21133K(21504K)->21133K(21504K) NonClass: 18680K(18880K)->18680K(18880K) Class: 2452K(2624K)->2452K(2624K)
[2024-11-13T12:01:57.082+0100][2.792s] GC(2) Pause Young (Concurrent Start) (Metadata GC Threshold) 76M->24M(512M) 5.941ms
[2024-11-13T12:01:57.082+0100][2.792s] GC(2) User=0.04s Sys=0.00s Real=0.01s
[2024-11-13T12:01:57.082+0100][2.792s] GC(3) Concurrent Mark Cycle
[2024-11-13T12:01:57.082+0100][2.792s] GC(3) Concurrent Scan Root Regions
[2024-11-13T12:01:57.085+0100][2.796s] GC(3) Concurrent Scan Root Regions 3.594ms
[2024-11-13T12:01:57.085+0100][2.796s] GC(3) Concurrent Mark
[2024-11-13T12:01:57.085+0100][2.796s] GC(3) Concurrent Mark From Roots
[2024-11-13T12:01:57.085+0100][2.796s] GC(3) Using 2 workers of 2 for marking
[2024-11-13T12:01:57.096+0100][2.806s] GC(3) Concurrent Mark From Roots 10.094ms
[2024-11-13T12:01:57.096+0100][2.806s] GC(3) Concurrent Preclean
[2024-11-13T12:01:57.096+0100][2.806s] GC(3) Concurrent Preclean 0.073ms
[2024-11-13T12:01:57.096+0100][2.806s] GC(3) Pause Remark
[2024-11-13T12:01:57.098+0100][2.808s] GC(3) Pause Remark 26M->26M(512M) 2.000ms
[2024-11-13T12:01:57.098+0100][2.808s] GC(3) User=0.01s Sys=0.00s Real=0.00s
[2024-11-13T12:01:57.098+0100][2.808s] GC(3) Concurrent Mark 12.592ms
[2024-11-13T12:01:57.098+0100][2.808s] GC(3) Concurrent Rebuild Remembered Sets and Scrub Regions
[2024-11-13T12:01:57.102+0100][2.813s] GC(3) Concurrent Rebuild Remembered Sets and Scrub Regions 4.337ms
[2024-11-13T12:01:57.103+0100][2.813s] GC(3) Pause Cleanup
[2024-11-13T12:01:57.103+0100][2.813s] GC(3) Pause Cleanup 26M->26M(512M) 0.149ms
[2024-11-13T12:01:57.103+0100][2.813s] GC(3) User=0.00s Sys=0.00s Real=0.00s
[2024-11-13T12:01:57.103+0100][2.813s] GC(3) Concurrent Clear Claimed Marks
[2024-11-13T12:01:57.103+0100][2.813s] GC(3) Concurrent Clear Claimed Marks 0.042ms
[2024-11-13T12:01:57.103+0100][2.813s] GC(3) Concurrent Cleanup for Next Mark
[2024-11-13T12:01:57.104+0100][2.814s] GC(3) Concurrent Cleanup for Next Mark 0.878ms
[2024-11-13T12:01:57.104+0100][2.814s] GC(3) Concurrent Mark Cycle 22.108ms
[2024-11-13T12:01:58.621+0100][4.331s] GC(4) Pause Young (Prepare Mixed) (Metadata GC Threshold)
[2024-11-13T12:01:58.621+0100][4.331s] GC(4) Using 8 workers of 8 for evacuation
[2024-11-13T12:01:58.629+0100][4.339s] GC(4)   Pre Evacuate Collection Set: 0.1ms
[2024-11-13T12:01:58.629+0100][4.339s] GC(4)   Merge Heap Roots: 0.1ms
[2024-11-13T12:01:58.629+0100][4.339s] GC(4)   Evacuate Collection Set: 6.8ms
[2024-11-13T12:01:58.629+0100][4.339s] GC(4)   Post Evacuate Collection Set: 0.6ms
[2024-11-13T12:01:58.629+0100][4.339s] GC(4)   Other: 0.1ms
[2024-11-13T12:01:58.629+0100][4.339s] GC(4) Eden regions: 72->0(292)
[2024-11-13T12:01:58.629+0100][4.339s] GC(4) Survivor regions: 13->15(39)
[2024-11-13T12:01:58.629+0100][4.339s] GC(4) Old regions: 10->10
[2024-11-13T12:01:58.629+0100][4.339s] GC(4) Humongous regions: 4->4
[2024-11-13T12:01:58.629+0100][4.339s] GC(4) Metaspace: 35675K(36288K)->35675K(36288K) NonClass: 31550K(31872K)->31550K(31872K) Class: 4125K(4416K)->4125K(4416K)
[2024-11-13T12:01:58.629+0100][4.339s] GC(4) Pause Young (Prepare Mixed) (Metadata GC Threshold) 96M->27M(512M) 8.030ms
[2024-11-13T12:01:58.629+0100][4.339s] GC(4) User=0.05s Sys=0.00s Real=0.00s
[2024-11-13T12:01:58.644+0100][4.354s] GC(5) Pause Young (Mixed) (Metadata GC Threshold)
[2024-11-13T12:01:58.644+0100][4.354s] GC(5) Using 8 workers of 8 for evacuation
[2024-11-13T12:01:58.651+0100][4.361s] GC(5)   Pre Evacuate Collection Set: 0.1ms
[2024-11-13T12:01:58.651+0100][4.361s] GC(5)   Merge Heap Roots: 0.0ms
[2024-11-13T12:01:58.651+0100][4.361s] GC(5)   Evacuate Collection Set: 6.0ms
[2024-11-13T12:01:58.651+0100][4.361s] GC(5)   Post Evacuate Collection Set: 0.5ms
[2024-11-13T12:01:58.651+0100][4.361s] GC(5)   Other: 0.1ms
[2024-11-13T12:01:58.651+0100][4.361s] GC(5) Eden regions: 1->0(292)
[2024-11-13T12:01:58.651+0100][4.361s] GC(5) Survivor regions: 15->15(39)
[2024-11-13T12:01:58.651+0100][4.361s] GC(5) Old regions: 10->9
[2024-11-13T12:01:58.651+0100][4.361s] GC(5) Humongous regions: 4->4
[2024-11-13T12:01:58.651+0100][4.361s] GC(5) Metaspace: 35994K(36608K)->35994K(36608K) NonClass: 31846K(32192K)->31846K(32192K) Class: 4148K(4416K)->4148K(4416K)
[2024-11-13T12:01:58.651+0100][4.361s] GC(5) Pause Young (Mixed) (Metadata GC Threshold) 28M->27M(512M) 7.129ms
[2024-11-13T12:01:58.651+0100][4.361s] GC(5) User=0.05s Sys=0.01s Real=0.01s
[2024-11-13T12:01:58.663+0100][4.373s] GC(6) Pause Young (Concurrent Start) (Metadata GC Threshold)
[2024-11-13T12:01:58.663+0100][4.373s] GC(6) Using 8 workers of 8 for evacuation
[2024-11-13T12:01:58.672+0100][4.382s] GC(6)   Pre Evacuate Collection Set: 0.1ms
[2024-11-13T12:01:58.672+0100][4.382s] GC(6)   Merge Heap Roots: 0.1ms
[2024-11-13T12:01:58.672+0100][4.382s] GC(6)   Evacuate Collection Set: 7.6ms
[2024-11-13T12:01:58.672+0100][4.382s] GC(6)   Post Evacuate Collection Set: 0.6ms
[2024-11-13T12:01:58.672+0100][4.382s] GC(6)   Other: 0.1ms
[2024-11-13T12:01:58.672+0100][4.382s] GC(6) Eden regions: 1->0(291)
[2024-11-13T12:01:58.672+0100][4.382s] GC(6) Survivor regions: 15->16(39)
[2024-11-13T12:01:58.672+0100][4.382s] GC(6) Old regions: 9->9
[2024-11-13T12:01:58.672+0100][4.382s] GC(6) Humongous regions: 4->4
[2024-11-13T12:01:58.672+0100][4.382s] GC(6) Metaspace: 36308K(36928K)->36308K(36928K) NonClass: 32128K(32448K)->32128K(32448K) Class: 4180K(4480K)->4180K(4480K)
[2024-11-13T12:01:58.672+0100][4.382s] GC(6) Pause Young (Concurrent Start) (Metadata GC Threshold) 28M->27M(512M) 8.897ms
[2024-11-13T12:01:58.672+0100][4.382s] GC(6) User=0.05s Sys=0.00s Real=0.01s
[2024-11-13T12:01:58.672+0100][4.382s] GC(7) Concurrent Mark Cycle
[2024-11-13T12:01:58.672+0100][4.382s] GC(7) Concurrent Scan Root Regions
[2024-11-13T12:01:58.679+0100][4.389s] GC(7) Concurrent Scan Root Regions 6.692ms
[2024-11-13T12:01:58.679+0100][4.389s] GC(7) Concurrent Mark
[2024-11-13T12:01:58.679+0100][4.389s] GC(7) Concurrent Mark From Roots
[2024-11-13T12:01:58.679+0100][4.389s] GC(7) Using 2 workers of 2 for marking
[2024-11-13T12:01:58.689+0100][4.400s] GC(7) Concurrent Mark From Roots 10.453ms
[2024-11-13T12:01:58.689+0100][4.400s] GC(7) Concurrent Preclean
[2024-11-13T12:01:58.690+0100][4.400s] GC(7) Concurrent Preclean 0.105ms
[2024-11-13T12:01:58.690+0100][4.400s] GC(7) Pause Remark
[2024-11-13T12:01:58.693+0100][4.403s] GC(7) Pause Remark 28M->28M(512M) 3.183ms
[2024-11-13T12:01:58.693+0100][4.403s] GC(7) User=0.01s Sys=0.00s Real=0.00s
[2024-11-13T12:01:58.693+0100][4.403s] GC(7) Concurrent Mark 14.242ms
[2024-11-13T12:01:58.693+0100][4.403s] GC(7) Concurrent Rebuild Remembered Sets and Scrub Regions
[2024-11-13T12:01:58.698+0100][4.408s] GC(7) Concurrent Rebuild Remembered Sets and Scrub Regions 4.942ms
[2024-11-13T12:01:58.698+0100][4.408s] GC(7) Pause Cleanup
[2024-11-13T12:01:58.698+0100][4.409s] GC(7) Pause Cleanup 28M->28M(512M) 0.151ms
[2024-11-13T12:01:58.698+0100][4.409s] GC(7) User=0.01s Sys=0.00s Real=0.00s
[2024-11-13T12:01:58.699+0100][4.409s] GC(7) Concurrent Clear Claimed Marks
[2024-11-13T12:01:58.699+0100][4.409s] GC(7) Concurrent Clear Claimed Marks 0.050ms
[2024-11-13T12:01:58.699+0100][4.409s] GC(7) Concurrent Cleanup for Next Mark
[2024-11-13T12:01:58.699+0100][4.410s] GC(7) Concurrent Cleanup for Next Mark 0.711ms
[2024-11-13T12:01:58.699+0100][4.410s] GC(7) Concurrent Mark Cycle 27.385ms
[2024-11-13T12:03:02.093+0100][67.801s] Heap
[2024-11-13T12:03:02.093+0100][67.802s]  garbage-first heap   total 524288K, used 119247K [0x00000007e0000000, 0x0000000800000000)
[2024-11-13T12:03:02.093+0100][67.802s]   region size 1024K, 105 young (107520K), 16 survivors (16384K)
[2024-11-13T12:03:02.093+0100][67.802s]  Metaspace       used 47578K, committed 48192K, reserved 1114112K
[2024-11-13T12:03:02.093+0100][67.802s]   class space    used 5739K, committed 6016K, reserved 1048576K
