[2024-11-13T11:15:04.611+0100][0.010s] CardTable entry size: 512
[2024-11-13T11:15:04.611+0100][0.011s] Using G1
[2024-11-13T11:15:04.953+0100][0.353s] Version: 21.0.2+13-58 (release)
[2024-11-13T11:15:04.953+0100][0.353s] CPUs: 8 total, 8 available
[2024-11-13T11:15:04.953+0100][0.353s] Memory: 8192M
[2024-11-13T11:15:04.953+0100][0.353s] Large Page Support: Disabled
[2024-11-13T11:15:04.953+0100][0.353s] NUMA Support: Disabled
[2024-11-13T11:15:04.953+0100][0.353s] Compressed Oops: Enabled (Zero based)
[2024-11-13T11:15:04.953+0100][0.353s] Heap Region Size: 1M
[2024-11-13T11:15:04.953+0100][0.353s] Heap Min Capacity: 512M
[2024-11-13T11:15:04.953+0100][0.353s] Heap Initial Capacity: 512M
[2024-11-13T11:15:04.953+0100][0.353s] Heap Max Capacity: 512M
[2024-11-13T11:15:04.953+0100][0.353s] Pre-touch: Enabled
[2024-11-13T11:15:04.953+0100][0.353s] Parallel Workers: 8
[2024-11-13T11:15:04.953+0100][0.353s] Concurrent Workers: 2
[2024-11-13T11:15:04.953+0100][0.353s] Concurrent Refinement Workers: 8
[2024-11-13T11:15:04.953+0100][0.353s] Periodic GC: Disabled
[2024-11-13T11:15:04.965+0100][0.364s] CDS archive(s) mapped at: [0x000000011c000000-0x000000011cca4000-0x000000011cca4000), size 13254656, SharedBaseAddress: 0x000000011c000000, ArchiveRelocationMode: 1.
[2024-11-13T11:15:04.965+0100][0.364s] Compressed class space mapped at: 0x000000011d000000-0x000000015d000000, reserved size: 1073741824
[2024-11-13T11:15:04.965+0100][0.364s] Narrow klass base: 0x000000011c000000, Narrow klass shift: 0, Narrow klass range: 0x100000000
[2024-11-13T11:15:06.304+0100][1.704s] GC(0) Pause Young (Normal) (G1 Evacuation Pause)
[2024-11-13T11:15:06.305+0100][1.704s] GC(0) Using 8 workers of 8 for evacuation
[2024-11-13T11:15:06.308+0100][1.708s] GC(0)   Pre Evacuate Collection Set: 0.2ms
[2024-11-13T11:15:06.308+0100][1.708s] GC(0)   Merge Heap Roots: 0.2ms
[2024-11-13T11:15:06.308+0100][1.708s] GC(0)   Evacuate Collection Set: 2.6ms
[2024-11-13T11:15:06.308+0100][1.708s] GC(0)   Post Evacuate Collection Set: 0.5ms
[2024-11-13T11:15:06.308+0100][1.708s] GC(0)   Other: 0.7ms
[2024-11-13T11:15:06.309+0100][1.708s] GC(0) Eden regions: 29->0(54)
[2024-11-13T11:15:06.309+0100][1.708s] GC(0) Survivor regions: 0->4(4)
[2024-11-13T11:15:06.309+0100][1.708s] GC(0) Old regions: 2->2
[2024-11-13T11:15:06.309+0100][1.708s] GC(0) Humongous regions: 0->0
[2024-11-13T11:15:06.309+0100][1.708s] GC(0) Metaspace: 9448K(9728K)->9448K(9728K) NonClass: 8366K(8512K)->8366K(8512K) Class: 1081K(1216K)->1081K(1216K)
[2024-11-13T11:15:06.309+0100][1.708s] GC(0) Pause Young (Normal) (G1 Evacuation Pause) 30M->4M(512M) 4.600ms
[2024-11-13T11:15:06.309+0100][1.708s] GC(0) User=0.02s Sys=0.01s Real=0.00s
[2024-11-13T11:15:07.475+0100][2.875s] GC(1) Pause Young (Normal) (G1 Evacuation Pause)
[2024-11-13T11:15:07.475+0100][2.875s] GC(1) Using 8 workers of 8 for evacuation
[2024-11-13T11:15:07.496+0100][2.896s] GC(1)   Pre Evacuate Collection Set: 0.2ms
[2024-11-13T11:15:07.496+0100][2.896s] GC(1)   Merge Heap Roots: 0.1ms
[2024-11-13T11:15:07.496+0100][2.896s] GC(1)   Evacuate Collection Set: 19.6ms
[2024-11-13T11:15:07.496+0100][2.896s] GC(1)   Post Evacuate Collection Set: 0.8ms
[2024-11-13T11:15:07.496+0100][2.896s] GC(1)   Other: 0.2ms
[2024-11-13T11:15:07.496+0100][2.896s] GC(1) Eden regions: 54->0(136)
[2024-11-13T11:15:07.496+0100][2.896s] GC(1) Survivor regions: 4->8(8)
[2024-11-13T11:15:07.496+0100][2.896s] GC(1) Old regions: 2->9
[2024-11-13T11:15:07.496+0100][2.896s] GC(1) Humongous regions: 4->4
[2024-11-13T11:15:07.497+0100][2.896s] GC(1) Metaspace: 19472K(19904K)->19472K(19904K) NonClass: 17212K(17472K)->17212K(17472K) Class: 2260K(2432K)->2260K(2432K)
[2024-11-13T11:15:07.497+0100][2.896s] GC(1) Pause Young (Normal) (G1 Evacuation Pause) 62M->19M(512M) 21.263ms
[2024-11-13T11:15:07.497+0100][2.896s] GC(1) User=0.07s Sys=0.00s Real=0.02s
[2024-11-13T11:15:08.122+0100][3.521s] GC(2) Pause Young (Concurrent Start) (Metadata GC Threshold)
[2024-11-13T11:15:08.122+0100][3.521s] GC(2) Using 8 workers of 8 for evacuation
[2024-11-13T11:15:08.129+0100][3.529s] GC(2)   Pre Evacuate Collection Set: 0.2ms
[2024-11-13T11:15:08.129+0100][3.529s] GC(2)   Merge Heap Roots: 0.1ms
[2024-11-13T11:15:08.129+0100][3.529s] GC(2)   Evacuate Collection Set: 6.5ms
[2024-11-13T11:15:08.129+0100][3.529s] GC(2)   Post Evacuate Collection Set: 0.7ms
[2024-11-13T11:15:08.129+0100][3.529s] GC(2)   Other: 0.1ms
[2024-11-13T11:15:08.129+0100][3.529s] GC(2) Eden regions: 112->0(294)
[2024-11-13T11:15:08.129+0100][3.529s] GC(2) Survivor regions: 8->13(17)
[2024-11-13T11:15:08.129+0100][3.529s] GC(2) Old regions: 9->9
[2024-11-13T11:15:08.129+0100][3.529s] GC(2) Humongous regions: 4->4
[2024-11-13T11:15:08.129+0100][3.529s] GC(2) Metaspace: 21123K(21504K)->21123K(21504K) NonClass: 18679K(18880K)->18679K(18880K) Class: 2443K(2624K)->2443K(2624K)
[2024-11-13T11:15:08.129+0100][3.529s] GC(2) Pause Young (Concurrent Start) (Metadata GC Threshold) 131M->24M(512M) 7.870ms
[2024-11-13T11:15:08.130+0100][3.529s] GC(2) User=0.04s Sys=0.00s Real=0.01s
[2024-11-13T11:15:08.130+0100][3.529s] GC(3) Concurrent Mark Cycle
[2024-11-13T11:15:08.130+0100][3.529s] GC(3) Concurrent Scan Root Regions
[2024-11-13T11:15:08.134+0100][3.533s] GC(3) Concurrent Scan Root Regions 4.220ms
[2024-11-13T11:15:08.134+0100][3.533s] GC(3) Concurrent Mark
[2024-11-13T11:15:08.134+0100][3.533s] GC(3) Concurrent Mark From Roots
[2024-11-13T11:15:08.134+0100][3.534s] GC(3) Using 2 workers of 2 for marking
[2024-11-13T11:15:08.143+0100][3.542s] GC(3) Concurrent Mark From Roots 8.791ms
[2024-11-13T11:15:08.143+0100][3.542s] GC(3) Concurrent Preclean
[2024-11-13T11:15:08.143+0100][3.542s] GC(3) Concurrent Preclean 0.076ms
[2024-11-13T11:15:08.143+0100][3.543s] GC(3) Pause Remark
[2024-11-13T11:15:08.145+0100][3.545s] GC(3) Pause Remark 25M->25M(512M) 2.200ms
[2024-11-13T11:15:08.145+0100][3.545s] GC(3) User=0.01s Sys=0.00s Real=0.00s
[2024-11-13T11:15:08.146+0100][3.545s] GC(3) Concurrent Mark 11.675ms
[2024-11-13T11:15:08.146+0100][3.545s] GC(3) Concurrent Rebuild Remembered Sets and Scrub Regions
[2024-11-13T11:15:08.150+0100][3.550s] GC(3) Concurrent Rebuild Remembered Sets and Scrub Regions 4.453ms
[2024-11-13T11:15:08.150+0100][3.550s] GC(3) Pause Cleanup
[2024-11-13T11:15:08.150+0100][3.550s] GC(3) Pause Cleanup 25M->25M(512M) 0.137ms
[2024-11-13T11:15:08.150+0100][3.550s] GC(3) User=0.00s Sys=0.00s Real=0.00s
[2024-11-13T11:15:08.150+0100][3.550s] GC(3) Concurrent Clear Claimed Marks
[2024-11-13T11:15:08.150+0100][3.550s] GC(3) Concurrent Clear Claimed Marks 0.034ms
[2024-11-13T11:15:08.150+0100][3.550s] GC(3) Concurrent Cleanup for Next Mark
[2024-11-13T11:15:08.151+0100][3.551s] GC(3) Concurrent Cleanup for Next Mark 0.962ms
[2024-11-13T11:15:08.152+0100][3.551s] GC(3) Concurrent Mark Cycle 21.977ms
[2024-11-13T11:15:10.085+0100][5.485s] GC(4) Pause Young (Prepare Mixed) (Metadata GC Threshold)
[2024-11-13T11:15:10.085+0100][5.485s] GC(4) Using 8 workers of 8 for evacuation
[2024-11-13T11:15:10.094+0100][5.494s] GC(4)   Pre Evacuate Collection Set: 0.1ms
[2024-11-13T11:15:10.094+0100][5.494s] GC(4)   Merge Heap Roots: 0.1ms
[2024-11-13T11:15:10.094+0100][5.494s] GC(4)   Evacuate Collection Set: 7.7ms
[2024-11-13T11:15:10.094+0100][5.494s] GC(4)   Post Evacuate Collection Set: 0.8ms
[2024-11-13T11:15:10.094+0100][5.494s] GC(4)   Other: 0.1ms
[2024-11-13T11:15:10.094+0100][5.494s] GC(4) Eden regions: 110->0(291)
[2024-11-13T11:15:10.094+0100][5.494s] GC(4) Survivor regions: 13->16(39)
[2024-11-13T11:15:10.094+0100][5.494s] GC(4) Old regions: 9->9
[2024-11-13T11:15:10.094+0100][5.494s] GC(4) Humongous regions: 4->4
[2024-11-13T11:15:10.094+0100][5.494s] GC(4) Metaspace: 35832K(36416K)->35832K(36416K) NonClass: 31699K(32000K)->31699K(32000K) Class: 4132K(4416K)->4132K(4416K)
[2024-11-13T11:15:10.094+0100][5.494s] GC(4) Pause Young (Prepare Mixed) (Metadata GC Threshold) 133M->27M(512M) 9.006ms
[2024-11-13T11:15:10.094+0100][5.494s] GC(4) User=0.05s Sys=0.00s Real=0.01s
[2024-11-13T11:15:10.114+0100][5.513s] GC(5) Pause Young (Mixed) (Metadata GC Threshold)
[2024-11-13T11:15:10.114+0100][5.514s] GC(5) Using 8 workers of 8 for evacuation
[2024-11-13T11:15:10.123+0100][5.523s] GC(5)   Pre Evacuate Collection Set: 0.1ms
[2024-11-13T11:15:10.123+0100][5.523s] GC(5)   Merge Heap Roots: 0.1ms
[2024-11-13T11:15:10.123+0100][5.523s] GC(5)   Evacuate Collection Set: 8.1ms
[2024-11-13T11:15:10.123+0100][5.523s] GC(5)   Post Evacuate Collection Set: 0.6ms
[2024-11-13T11:15:10.123+0100][5.523s] GC(5)   Other: 0.1ms
[2024-11-13T11:15:10.123+0100][5.523s] GC(5) Eden regions: 1->0(290)
[2024-11-13T11:15:10.123+0100][5.523s] GC(5) Survivor regions: 16->17(39)
[2024-11-13T11:15:10.123+0100][5.523s] GC(5) Old regions: 9->8
[2024-11-13T11:15:10.123+0100][5.523s] GC(5) Humongous regions: 4->4
[2024-11-13T11:15:10.123+0100][5.523s] GC(5) Metaspace: 36131K(36736K)->36131K(36736K) NonClass: 31979K(32320K)->31979K(32320K) Class: 4152K(4416K)->4152K(4416K)
[2024-11-13T11:15:10.123+0100][5.523s] GC(5) Pause Young (Mixed) (Metadata GC Threshold) 28M->27M(512M) 9.240ms
[2024-11-13T11:15:10.123+0100][5.523s] GC(5) User=0.06s Sys=0.00s Real=0.01s
[2024-11-13T11:15:10.144+0100][5.544s] GC(6) Pause Young (Concurrent Start) (Metadata GC Threshold)
[2024-11-13T11:15:10.144+0100][5.544s] GC(6) Using 8 workers of 8 for evacuation
[2024-11-13T11:15:10.153+0100][5.553s] GC(6)   Pre Evacuate Collection Set: 0.1ms
[2024-11-13T11:15:10.153+0100][5.553s] GC(6)   Merge Heap Roots: 0.1ms
[2024-11-13T11:15:10.153+0100][5.553s] GC(6)   Evacuate Collection Set: 7.9ms
[2024-11-13T11:15:10.153+0100][5.553s] GC(6)   Post Evacuate Collection Set: 0.8ms
[2024-11-13T11:15:10.153+0100][5.553s] GC(6)   Other: 0.1ms
[2024-11-13T11:15:10.153+0100][5.553s] GC(6) Eden regions: 1->0(291)
[2024-11-13T11:15:10.153+0100][5.553s] GC(6) Survivor regions: 17->16(39)
[2024-11-13T11:15:10.153+0100][5.553s] GC(6) Old regions: 8->8
[2024-11-13T11:15:10.153+0100][5.553s] GC(6) Humongous regions: 4->4
[2024-11-13T11:15:10.153+0100][5.553s] GC(6) Metaspace: 36460K(37056K)->36460K(37056K) NonClass: 32273K(32576K)->32273K(32576K) Class: 4186K(4480K)->4186K(4480K)
[2024-11-13T11:15:10.153+0100][5.553s] GC(6) Pause Young (Concurrent Start) (Metadata GC Threshold) 28M->27M(512M) 9.293ms
[2024-11-13T11:15:10.153+0100][5.553s] GC(7) Concurrent Mark Cycle
[2024-11-13T11:15:10.153+0100][5.553s] GC(6) User=0.05s Sys=0.00s Real=0.01s
[2024-11-13T11:15:10.153+0100][5.553s] GC(7) Concurrent Scan Root Regions
[2024-11-13T11:15:10.158+0100][5.558s] GC(7) Concurrent Scan Root Regions 4.643ms
[2024-11-13T11:15:10.158+0100][5.558s] GC(7) Concurrent Mark
[2024-11-13T11:15:10.158+0100][5.558s] GC(7) Concurrent Mark From Roots
[2024-11-13T11:15:10.158+0100][5.558s] GC(7) Using 2 workers of 2 for marking
[2024-11-13T11:15:10.167+0100][5.567s] GC(7) Concurrent Mark From Roots 9.131ms
[2024-11-13T11:15:10.167+0100][5.567s] GC(7) Concurrent Preclean
[2024-11-13T11:15:10.167+0100][5.567s] GC(7) Concurrent Preclean 0.020ms
[2024-11-13T11:15:10.167+0100][5.567s] GC(7) Pause Remark
[2024-11-13T11:15:10.171+0100][5.570s] GC(7) Pause Remark 28M->28M(512M) 3.110ms
[2024-11-13T11:15:10.171+0100][5.570s] GC(7) User=0.01s Sys=0.00s Real=0.01s
[2024-11-13T11:15:10.171+0100][5.570s] GC(7) Concurrent Mark 12.637ms
[2024-11-13T11:15:10.171+0100][5.570s] GC(7) Concurrent Rebuild Remembered Sets and Scrub Regions
[2024-11-13T11:15:10.175+0100][5.574s] GC(7) Concurrent Rebuild Remembered Sets and Scrub Regions 3.983ms
[2024-11-13T11:15:10.175+0100][5.575s] GC(7) Pause Cleanup
[2024-11-13T11:15:10.175+0100][5.575s] GC(7) Pause Cleanup 28M->28M(512M) 0.163ms
[2024-11-13T11:15:10.175+0100][5.575s] GC(7) User=0.00s Sys=0.00s Real=0.00s
[2024-11-13T11:15:10.175+0100][5.575s] GC(7) Concurrent Clear Claimed Marks
[2024-11-13T11:15:10.175+0100][5.575s] GC(7) Concurrent Clear Claimed Marks 0.045ms
[2024-11-13T11:15:10.175+0100][5.575s] GC(7) Concurrent Cleanup for Next Mark
[2024-11-13T11:15:10.176+0100][5.576s] GC(7) Concurrent Cleanup for Next Mark 0.710ms
[2024-11-13T11:15:10.176+0100][5.576s] GC(7) Concurrent Mark Cycle 22.595ms
[2024-11-13T11:31:31.060+0100][986.412s] GC(8) Pause Young (Normal) (G1 Evacuation Pause)
[2024-11-13T11:31:31.061+0100][986.413s] GC(8) Using 8 workers of 8 for evacuation
[2024-11-13T11:31:31.274+0100][986.626s] GC(8)   Pre Evacuate Collection Set: 1.9ms
[2024-11-13T11:31:31.274+0100][986.626s] GC(8)   Merge Heap Roots: 0.3ms
[2024-11-13T11:31:31.274+0100][986.626s] GC(8)   Evacuate Collection Set: 208.3ms
[2024-11-13T11:31:31.274+0100][986.626s] GC(8)   Post Evacuate Collection Set: 1.9ms
[2024-11-13T11:31:31.274+0100][986.626s] GC(8)   Other: 0.3ms
[2024-11-13T11:31:31.274+0100][986.626s] GC(8) Eden regions: 291->0(279)
[2024-11-13T11:31:31.274+0100][986.626s] GC(8) Survivor regions: 16->28(39)
[2024-11-13T11:31:31.274+0100][986.626s] GC(8) Old regions: 8->8
[2024-11-13T11:31:31.274+0100][986.626s] GC(8) Humongous regions: 5->5
[2024-11-13T11:31:31.274+0100][986.626s] GC(8) Metaspace: 52511K(53248K)->52511K(53248K) NonClass: 46226K(46656K)->46226K(46656K) Class: 6284K(6592K)->6284K(6592K)
[2024-11-13T11:31:31.274+0100][986.626s] GC(8) Pause Young (Normal) (G1 Evacuation Pause) 319M->40M(512M) 213.997ms
[2024-11-13T11:31:31.274+0100][986.626s] GC(8) User=0.18s Sys=0.65s Real=0.21s
[2024-11-13T11:32:30.448+0100][1045.800s] Heap
[2024-11-13T11:32:30.448+0100][1045.800s]  garbage-first heap   total 524288K, used 123931K [0x00000007e0000000, 0x0000000800000000)
[2024-11-13T11:32:30.448+0100][1045.800s]   region size 1024K, 109 young (111616K), 28 survivors (28672K)
[2024-11-13T11:32:30.448+0100][1045.800s]  Metaspace       used 57907K, committed 58624K, reserved 1114112K
[2024-11-13T11:32:30.448+0100][1045.800s]   class space    used 6939K, committed 7232K, reserved 1048576K
