[2024-11-13T11:32:38.163+0100][0.016s] CardTable entry size: 512
[2024-11-13T11:32:38.163+0100][0.016s] Using G1
[2024-11-13T11:32:38.697+0100][0.549s] Version: 21.0.2+13-58 (release)
[2024-11-13T11:32:38.697+0100][0.549s] CPUs: 8 total, 8 available
[2024-11-13T11:32:38.697+0100][0.549s] Memory: 8192M
[2024-11-13T11:32:38.697+0100][0.549s] Large Page Support: Disabled
[2024-11-13T11:32:38.697+0100][0.549s] NUMA Support: Disabled
[2024-11-13T11:32:38.697+0100][0.550s] Compressed Oops: Enabled (Zero based)
[2024-11-13T11:32:38.697+0100][0.550s] Heap Region Size: 1M
[2024-11-13T11:32:38.697+0100][0.550s] Heap Min Capacity: 512M
[2024-11-13T11:32:38.697+0100][0.550s] Heap Initial Capacity: 512M
[2024-11-13T11:32:38.697+0100][0.550s] Heap Max Capacity: 512M
[2024-11-13T11:32:38.697+0100][0.550s] Pre-touch: Enabled
[2024-11-13T11:32:38.697+0100][0.550s] Parallel Workers: 8
[2024-11-13T11:32:38.697+0100][0.550s] Concurrent Workers: 2
[2024-11-13T11:32:38.697+0100][0.550s] Concurrent Refinement Workers: 8
[2024-11-13T11:32:38.697+0100][0.550s] Periodic GC: Disabled
[2024-11-13T11:32:38.714+0100][0.567s] CDS archive(s) mapped at: [0x000000012b000000-0x000000012bca4000-0x000000012bca4000), size 13254656, SharedBaseAddress: 0x000000012b000000, ArchiveRelocationMode: 1.
[2024-11-13T11:32:38.714+0100][0.567s] Compressed class space mapped at: 0x000000012c000000-0x000000016c000000, reserved size: 1073741824
[2024-11-13T11:32:38.714+0100][0.567s] Narrow klass base: 0x000000012b000000, Narrow klass shift: 0, Narrow klass range: 0x100000000
[2024-11-13T11:32:40.282+0100][2.134s] GC(0) Pause Young (Normal) (G1 Evacuation Pause)
[2024-11-13T11:32:40.283+0100][2.135s] GC(0) Using 8 workers of 8 for evacuation
[2024-11-13T11:32:40.287+0100][2.139s] GC(0)   Pre Evacuate Collection Set: 0.2ms
[2024-11-13T11:32:40.287+0100][2.139s] GC(0)   Merge Heap Roots: 0.1ms
[2024-11-13T11:32:40.287+0100][2.139s] GC(0)   Evacuate Collection Set: 3.1ms
[2024-11-13T11:32:40.287+0100][2.139s] GC(0)   Post Evacuate Collection Set: 0.5ms
[2024-11-13T11:32:40.287+0100][2.139s] GC(0)   Other: 0.8ms
[2024-11-13T11:32:40.287+0100][2.139s] GC(0) Eden regions: 29->0(52)
[2024-11-13T11:32:40.287+0100][2.140s] GC(0) Survivor regions: 0->4(4)
[2024-11-13T11:32:40.287+0100][2.140s] GC(0) Old regions: 2->3
[2024-11-13T11:32:40.287+0100][2.140s] GC(0) Humongous regions: 0->0
[2024-11-13T11:32:40.287+0100][2.140s] GC(0) Metaspace: 9956K(10176K)->9956K(10176K) NonClass: 8818K(8960K)->8818K(8960K) Class: 1138K(1216K)->1138K(1216K)
[2024-11-13T11:32:40.287+0100][2.140s] GC(0) Pause Young (Normal) (G1 Evacuation Pause) 30M->5M(512M) 5.345ms
[2024-11-13T11:32:40.287+0100][2.140s] GC(0) User=0.02s Sys=0.00s Real=0.00s
[2024-11-13T11:32:41.785+0100][3.638s] GC(1) Pause Young (Normal) (G1 Evacuation Pause)
[2024-11-13T11:32:41.785+0100][3.638s] GC(1) Using 8 workers of 8 for evacuation
[2024-11-13T11:32:41.797+0100][3.650s] GC(1)   Pre Evacuate Collection Set: 0.1ms
[2024-11-13T11:32:41.797+0100][3.650s] GC(1)   Merge Heap Roots: 0.1ms
[2024-11-13T11:32:41.797+0100][3.650s] GC(1)   Evacuate Collection Set: 10.9ms
[2024-11-13T11:32:41.797+0100][3.650s] GC(1)   Post Evacuate Collection Set: 0.6ms
[2024-11-13T11:32:41.797+0100][3.650s] GC(1)   Other: 0.1ms
[2024-11-13T11:32:41.797+0100][3.650s] GC(1) Eden regions: 52->0(115)
[2024-11-13T11:32:41.797+0100][3.650s] GC(1) Survivor regions: 4->7(7)
[2024-11-13T11:32:41.798+0100][3.650s] GC(1) Old regions: 3->10
[2024-11-13T11:32:41.798+0100][3.650s] GC(1) Humongous regions: 4->4
[2024-11-13T11:32:41.798+0100][3.650s] GC(1) Metaspace: 19538K(19904K)->19538K(19904K) NonClass: 17273K(17472K)->17273K(17472K) Class: 2265K(2432K)->2265K(2432K)
[2024-11-13T11:32:41.798+0100][3.650s] GC(1) Pause Young (Normal) (G1 Evacuation Pause) 61M->19M(512M) 12.637ms
[2024-11-13T11:32:41.798+0100][3.650s] GC(1) User=0.07s Sys=0.01s Real=0.01s
[2024-11-13T11:32:42.691+0100][4.544s] GC(2) Pause Young (Concurrent Start) (Metadata GC Threshold)
[2024-11-13T11:32:42.691+0100][4.544s] GC(2) Using 8 workers of 8 for evacuation
[2024-11-13T11:32:42.698+0100][4.550s] GC(2)   Pre Evacuate Collection Set: 0.2ms
[2024-11-13T11:32:42.698+0100][4.550s] GC(2)   Merge Heap Roots: 0.1ms
[2024-11-13T11:32:42.698+0100][4.550s] GC(2)   Evacuate Collection Set: 5.5ms
[2024-11-13T11:32:42.698+0100][4.550s] GC(2)   Post Evacuate Collection Set: 0.5ms
[2024-11-13T11:32:42.698+0100][4.550s] GC(2)   Other: 0.1ms
[2024-11-13T11:32:42.698+0100][4.551s] GC(2) Eden regions: 56->0(295)
[2024-11-13T11:32:42.698+0100][4.551s] GC(2) Survivor regions: 7->12(15)
[2024-11-13T11:32:42.698+0100][4.551s] GC(2) Old regions: 10->10
[2024-11-13T11:32:42.698+0100][4.551s] GC(2) Humongous regions: 4->4
[2024-11-13T11:32:42.698+0100][4.551s] GC(2) Metaspace: 21129K(21504K)->21129K(21504K) NonClass: 18686K(18880K)->18686K(18880K) Class: 2442K(2624K)->2442K(2624K)
[2024-11-13T11:32:42.698+0100][4.551s] GC(2) Pause Young (Concurrent Start) (Metadata GC Threshold) 75M->24M(512M) 6.889ms
[2024-11-13T11:32:42.698+0100][4.551s] GC(2) User=0.04s Sys=0.00s Real=0.00s
[2024-11-13T11:32:42.698+0100][4.551s] GC(3) Concurrent Mark Cycle
[2024-11-13T11:32:42.698+0100][4.551s] GC(3) Concurrent Scan Root Regions
[2024-11-13T11:32:42.703+0100][4.556s] GC(3) Concurrent Scan Root Regions 4.639ms
[2024-11-13T11:32:42.703+0100][4.556s] GC(3) Concurrent Mark
[2024-11-13T11:32:42.703+0100][4.556s] GC(3) Concurrent Mark From Roots
[2024-11-13T11:32:42.703+0100][4.556s] GC(3) Using 2 workers of 2 for marking
[2024-11-13T11:32:42.718+0100][4.570s] GC(3) Concurrent Mark From Roots 14.742ms
[2024-11-13T11:32:42.718+0100][4.570s] GC(3) Concurrent Preclean
[2024-11-13T11:32:42.718+0100][4.571s] GC(3) Concurrent Preclean 0.121ms
[2024-11-13T11:32:42.718+0100][4.571s] GC(3) Pause Remark
[2024-11-13T11:32:42.720+0100][4.573s] GC(3) Pause Remark 25M->25M(512M) 2.122ms
[2024-11-13T11:32:42.721+0100][4.573s] GC(3) User=0.01s Sys=0.00s Real=0.01s
[2024-11-13T11:32:42.731+0100][4.584s] GC(3) Concurrent Mark 27.923ms
[2024-11-13T11:32:42.731+0100][4.584s] GC(3) Concurrent Rebuild Remembered Sets and Scrub Regions
[2024-11-13T11:32:42.738+0100][4.590s] GC(3) Concurrent Rebuild Remembered Sets and Scrub Regions 6.666ms
[2024-11-13T11:32:42.738+0100][4.590s] GC(3) Pause Cleanup
[2024-11-13T11:32:42.738+0100][4.591s] GC(3) Pause Cleanup 25M->25M(512M) 0.194ms
[2024-11-13T11:32:42.738+0100][4.591s] GC(3) User=0.00s Sys=0.00s Real=0.00s
[2024-11-13T11:32:42.738+0100][4.591s] GC(3) Concurrent Clear Claimed Marks
[2024-11-13T11:32:42.738+0100][4.591s] GC(3) Concurrent Clear Claimed Marks 0.073ms
[2024-11-13T11:32:42.738+0100][4.591s] GC(3) Concurrent Cleanup for Next Mark
[2024-11-13T11:32:42.740+0100][4.592s] GC(3) Concurrent Cleanup for Next Mark 1.276ms
[2024-11-13T11:32:42.740+0100][4.592s] GC(3) Concurrent Mark Cycle 41.592ms
[2024-11-13T11:32:45.971+0100][7.824s] GC(4) Pause Young (Prepare Mixed) (Metadata GC Threshold)
[2024-11-13T11:32:45.972+0100][7.824s] GC(4) Using 8 workers of 8 for evacuation
[2024-11-13T11:32:45.980+0100][7.833s] GC(4)   Pre Evacuate Collection Set: 0.2ms
[2024-11-13T11:32:45.980+0100][7.833s] GC(4)   Merge Heap Roots: 0.1ms
[2024-11-13T11:32:45.980+0100][7.833s] GC(4)   Evacuate Collection Set: 7.4ms
[2024-11-13T11:32:45.980+0100][7.833s] GC(4)   Post Evacuate Collection Set: 0.7ms
[2024-11-13T11:32:45.981+0100][7.833s] GC(4)   Other: 0.2ms
[2024-11-13T11:32:45.981+0100][7.833s] GC(4) Eden regions: 103->0(279)
[2024-11-13T11:32:45.981+0100][7.833s] GC(4) Survivor regions: 12->15(39)
[2024-11-13T11:32:45.981+0100][7.833s] GC(4) Old regions: 10->10
[2024-11-13T11:32:45.981+0100][7.833s] GC(4) Humongous regions: 4->4
[2024-11-13T11:32:45.981+0100][7.833s] GC(4) Metaspace: 35391K(35968K)->35391K(35968K) NonClass: 31305K(31616K)->31305K(31616K) Class: 4085K(4352K)->4085K(4352K)
[2024-11-13T11:32:45.981+0100][7.833s] GC(4) Pause Young (Prepare Mixed) (Metadata GC Threshold) 127M->27M(512M) 9.343ms
[2024-11-13T11:32:45.981+0100][7.833s] GC(4) User=0.06s Sys=0.00s Real=0.01s
[2024-11-13T11:32:46.025+0100][7.877s] GC(5) Pause Young (Mixed) (Metadata GC Threshold)
[2024-11-13T11:32:46.025+0100][7.877s] GC(5) Using 8 workers of 8 for evacuation
[2024-11-13T11:32:46.032+0100][7.885s] GC(5)   Pre Evacuate Collection Set: 0.1ms
[2024-11-13T11:32:46.032+0100][7.885s] GC(5)   Merge Heap Roots: 0.1ms
[2024-11-13T11:32:46.032+0100][7.885s] GC(5)   Evacuate Collection Set: 6.8ms
[2024-11-13T11:32:46.033+0100][7.885s] GC(5)   Post Evacuate Collection Set: 0.6ms
[2024-11-13T11:32:46.033+0100][7.885s] GC(5)   Other: 0.2ms
[2024-11-13T11:32:46.033+0100][7.885s] GC(5) Eden regions: 3->0(264)
[2024-11-13T11:32:46.033+0100][7.885s] GC(5) Survivor regions: 15->15(37)
[2024-11-13T11:32:46.033+0100][7.885s] GC(5) Old regions: 10->9
[2024-11-13T11:32:46.033+0100][7.885s] GC(5) Humongous regions: 4->4
[2024-11-13T11:32:46.033+0100][7.885s] GC(5) Metaspace: 35717K(36288K)->35717K(36288K) NonClass: 31592K(31872K)->31592K(31872K) Class: 4124K(4416K)->4124K(4416K)
[2024-11-13T11:32:46.033+0100][7.885s] GC(5) Pause Young (Mixed) (Metadata GC Threshold) 29M->27M(512M) 8.244ms
[2024-11-13T11:32:46.033+0100][7.885s] GC(5) User=0.05s Sys=0.00s Real=0.01s
[2024-11-13T11:32:46.061+0100][7.914s] GC(6) Pause Young (Concurrent Start) (Metadata GC Threshold)
[2024-11-13T11:32:46.061+0100][7.914s] GC(6) Using 8 workers of 8 for evacuation
[2024-11-13T11:32:46.069+0100][7.922s] GC(6)   Pre Evacuate Collection Set: 0.2ms
[2024-11-13T11:32:46.069+0100][7.922s] GC(6)   Merge Heap Roots: 0.1ms
[2024-11-13T11:32:46.069+0100][7.922s] GC(6)   Evacuate Collection Set: 6.9ms
[2024-11-13T11:32:46.069+0100][7.922s] GC(6)   Post Evacuate Collection Set: 0.5ms
[2024-11-13T11:32:46.069+0100][7.922s] GC(6)   Other: 0.1ms
[2024-11-13T11:32:46.069+0100][7.922s] GC(6) Eden regions: 1->0(271)
[2024-11-13T11:32:46.069+0100][7.922s] GC(6) Survivor regions: 15->16(35)
[2024-11-13T11:32:46.069+0100][7.922s] GC(6) Old regions: 9->9
[2024-11-13T11:32:46.069+0100][7.922s] GC(6) Humongous regions: 4->4
[2024-11-13T11:32:46.069+0100][7.922s] GC(6) Metaspace: 36062K(36608K)->36062K(36608K) NonClass: 31912K(32192K)->31912K(32192K) Class: 4150K(4416K)->4150K(4416K)
[2024-11-13T11:32:46.069+0100][7.922s] GC(6) Pause Young (Concurrent Start) (Metadata GC Threshold) 28M->27M(512M) 8.244ms
[2024-11-13T11:32:46.069+0100][7.922s] GC(6) User=0.05s Sys=0.00s Real=0.00s
[2024-11-13T11:32:46.069+0100][7.922s] GC(7) Concurrent Mark Cycle
[2024-11-13T11:32:46.070+0100][7.922s] GC(7) Concurrent Scan Root Regions
[2024-11-13T11:32:46.076+0100][7.928s] GC(7) Concurrent Scan Root Regions 6.268ms
[2024-11-13T11:32:46.076+0100][7.929s] GC(7) Concurrent Mark
[2024-11-13T11:32:46.076+0100][7.929s] GC(7) Concurrent Mark From Roots
[2024-11-13T11:32:46.076+0100][7.929s] GC(7) Using 2 workers of 2 for marking
[2024-11-13T11:32:46.090+0100][7.943s] GC(7) Concurrent Mark From Roots 14.266ms
[2024-11-13T11:32:46.090+0100][7.943s] GC(7) Concurrent Preclean
[2024-11-13T11:32:46.090+0100][7.943s] GC(7) Concurrent Preclean 0.065ms
[2024-11-13T11:32:46.091+0100][7.943s] GC(7) Pause Remark
[2024-11-13T11:32:46.094+0100][7.947s] GC(7) Pause Remark 28M->28M(512M) 3.562ms
[2024-11-13T11:32:46.094+0100][7.947s] GC(7) User=0.02s Sys=0.00s Real=0.00s
[2024-11-13T11:32:46.094+0100][7.947s] GC(7) Concurrent Mark 18.518ms
[2024-11-13T11:32:46.094+0100][7.947s] GC(7) Concurrent Rebuild Remembered Sets and Scrub Regions
[2024-11-13T11:32:46.101+0100][7.954s] GC(7) Concurrent Rebuild Remembered Sets and Scrub Regions 6.462ms
[2024-11-13T11:32:46.101+0100][7.954s] GC(7) Pause Cleanup
[2024-11-13T11:32:46.102+0100][7.954s] GC(7) Pause Cleanup 28M->28M(512M) 0.168ms
[2024-11-13T11:32:46.102+0100][7.954s] GC(7) User=0.00s Sys=0.00s Real=0.00s
[2024-11-13T11:32:46.102+0100][7.954s] GC(7) Concurrent Clear Claimed Marks
[2024-11-13T11:32:46.102+0100][7.954s] GC(7) Concurrent Clear Claimed Marks 0.080ms
[2024-11-13T11:32:46.102+0100][7.955s] GC(7) Concurrent Cleanup for Next Mark
[2024-11-13T11:32:46.103+0100][7.955s] GC(7) Concurrent Cleanup for Next Mark 0.749ms
[2024-11-13T11:32:46.103+0100][7.955s] GC(7) Concurrent Mark Cycle 33.254ms
[2024-11-13T11:39:16.676+0100][398.527s] GC(8) Pause Young (Concurrent Start) (Metadata GC Threshold)
[2024-11-13T11:39:16.677+0100][398.529s] GC(8) Using 8 workers of 8 for evacuation
[2024-11-13T11:39:16.972+0100][398.824s] GC(8) MMU target violated: 251.0ms (250.0ms/251.0ms)
[2024-11-13T11:39:16.974+0100][398.826s] GC(8)   Pre Evacuate Collection Set: 1.5ms
[2024-11-13T11:39:16.981+0100][398.833s] GC(8)   Merge Heap Roots: 0.7ms
[2024-11-13T11:39:16.982+0100][398.833s] GC(8)   Evacuate Collection Set: 289.4ms
[2024-11-13T11:39:16.982+0100][398.833s] GC(8)   Post Evacuate Collection Set: 3.0ms
[2024-11-13T11:39:16.982+0100][398.833s] GC(8)   Other: 0.6ms
[2024-11-13T11:39:16.982+0100][398.833s] GC(8) Eden regions: 252->0(153)
[2024-11-13T11:39:16.982+0100][398.833s] GC(8) Survivor regions: 16->33(36)
[2024-11-13T11:39:16.982+0100][398.834s] GC(8) Old regions: 9->9
[2024-11-13T11:39:16.982+0100][398.834s] GC(8) Humongous regions: 4->4
[2024-11-13T11:39:16.982+0100][398.834s] GC(8) Metaspace: 60875K(61568K)->60875K(61568K) NonClass: 53464K(53824K)->53464K(53824K) Class: 7410K(7744K)->7410K(7744K)
[2024-11-13T11:39:16.983+0100][398.834s] GC(8) Pause Young (Concurrent Start) (Metadata GC Threshold) 279M->45M(512M) 306.886ms
[2024-11-13T11:39:16.983+0100][398.835s] GC(8) User=0.26s Sys=0.97s Real=0.31s
[2024-11-13T11:39:16.983+0100][398.835s] GC(9) Concurrent Mark Cycle
[2024-11-13T11:39:16.983+0100][398.835s] GC(9) Concurrent Scan Root Regions
[2024-11-13T11:39:17.007+0100][398.858s] GC(9) Concurrent Scan Root Regions 23.480ms
[2024-11-13T11:39:17.029+0100][398.881s] GC(9) Concurrent Mark
[2024-11-13T11:39:17.030+0100][398.881s] GC(9) Concurrent Mark From Roots
[2024-11-13T11:39:17.030+0100][398.881s] GC(9) Using 2 workers of 2 for marking
[2024-11-13T11:39:17.056+0100][398.907s] GC(9) Concurrent Mark From Roots 25.751ms
[2024-11-13T11:39:17.056+0100][398.907s] GC(9) Concurrent Preclean
[2024-11-13T11:39:17.056+0100][398.908s] GC(9) Concurrent Preclean 0.451ms
[2024-11-13T11:39:17.056+0100][398.908s] GC(9) Pause Remark
[2024-11-13T11:39:17.081+0100][398.933s] GC(9) Pause Remark 47M->47M(512M) 25.027ms
[2024-11-13T11:39:17.082+0100][398.933s] GC(9) User=0.04s Sys=0.05s Real=0.03s
[2024-11-13T11:39:17.082+0100][398.933s] GC(9) Concurrent Mark 52.257ms
[2024-11-13T11:39:17.082+0100][398.933s] GC(9) Concurrent Rebuild Remembered Sets and Scrub Regions
[2024-11-13T11:39:17.093+0100][398.945s] GC(9) Concurrent Rebuild Remembered Sets and Scrub Regions 11.233ms
[2024-11-13T11:39:17.093+0100][398.945s] GC(9) Pause Cleanup
[2024-11-13T11:39:17.094+0100][398.945s] GC(9) Pause Cleanup 47M->47M(512M) 0.240ms
[2024-11-13T11:39:17.094+0100][398.945s] GC(9) User=0.00s Sys=0.00s Real=0.00s
[2024-11-13T11:39:17.094+0100][398.945s] GC(9) Concurrent Clear Claimed Marks
[2024-11-13T11:39:17.094+0100][398.945s] GC(9) Concurrent Clear Claimed Marks 0.103ms
[2024-11-13T11:39:17.094+0100][398.946s] GC(9) Concurrent Cleanup for Next Mark
[2024-11-13T11:39:17.138+0100][398.989s] GC(9) Concurrent Cleanup for Next Mark 43.921ms
[2024-11-13T11:39:17.138+0100][398.990s] GC(9) Concurrent Mark Cycle 154.811ms
[2024-11-13T11:39:21.038+0100][402.890s] GC(10) Pause Young (Normal) (G1 Evacuation Pause)
[2024-11-13T11:39:21.038+0100][402.890s] GC(10) Using 8 workers of 8 for evacuation
[2024-11-13T11:39:21.076+0100][402.927s] GC(10)   Pre Evacuate Collection Set: 0.2ms
[2024-11-13T11:39:21.076+0100][402.927s] GC(10)   Merge Heap Roots: 0.1ms
[2024-11-13T11:39:21.076+0100][402.927s] GC(10)   Evacuate Collection Set: 35.2ms
[2024-11-13T11:39:21.076+0100][402.927s] GC(10)   Post Evacuate Collection Set: 1.5ms
[2024-11-13T11:39:21.076+0100][402.927s] GC(10)   Other: 0.2ms
[2024-11-13T11:39:21.076+0100][402.927s] GC(10) Eden regions: 152->0(230)
[2024-11-13T11:39:21.076+0100][402.927s] GC(10) Survivor regions: 33->7(24)
[2024-11-13T11:39:21.076+0100][402.927s] GC(10) Old regions: 9->41
[2024-11-13T11:39:21.076+0100][402.928s] GC(10) Humongous regions: 4->4
[2024-11-13T11:39:21.076+0100][402.928s] GC(10) Metaspace: 63780K(64576K)->63780K(64576K) NonClass: 56056K(56448K)->56056K(56448K) Class: 7723K(8128K)->7723K(8128K)
[2024-11-13T11:39:21.076+0100][402.928s] GC(10) Pause Young (Normal) (G1 Evacuation Pause) 197M->50M(512M) 37.627ms
[2024-11-13T11:39:21.076+0100][402.928s] GC(10) User=0.14s Sys=0.06s Real=0.04s
[2024-11-13T11:55:09.405+0100][1351.162s] Heap
[2024-11-13T11:55:09.406+0100][1351.163s]  garbage-first heap   total 524288K, used 92930K [0x00000007e0000000, 0x0000000800000000)
[2024-11-13T11:55:09.406+0100][1351.163s]   region size 1024K, 47 young (48128K), 7 survivors (7168K)
[2024-11-13T11:55:09.406+0100][1351.163s]  Metaspace       used 66084K, committed 66944K, reserved 1114112K
[2024-11-13T11:55:09.406+0100][1351.163s]   class space    used 8024K, committed 8384K, reserved 1048576K
