[2024-11-13T12:01:10.045+0100][0.012s] CardTable entry size: 512
[2024-11-13T12:01:10.045+0100][0.012s] Using G1
[2024-11-13T12:01:10.502+0100][0.469s] Version: 21.0.2+13-58 (release)
[2024-11-13T12:01:10.502+0100][0.469s] CPUs: 8 total, 8 available
[2024-11-13T12:01:10.502+0100][0.469s] Memory: 8192M
[2024-11-13T12:01:10.502+0100][0.469s] Large Page Support: Disabled
[2024-11-13T12:01:10.502+0100][0.469s] NUMA Support: Disabled
[2024-11-13T12:01:10.502+0100][0.469s] Compressed Oops: Enabled (Zero based)
[2024-11-13T12:01:10.502+0100][0.469s] Heap Region Size: 1M
[2024-11-13T12:01:10.502+0100][0.469s] Heap Min Capacity: 512M
[2024-11-13T12:01:10.502+0100][0.469s] Heap Initial Capacity: 512M
[2024-11-13T12:01:10.502+0100][0.469s] Heap Max Capacity: 512M
[2024-11-13T12:01:10.502+0100][0.469s] Pre-touch: Enabled
[2024-11-13T12:01:10.502+0100][0.469s] Parallel Workers: 8
[2024-11-13T12:01:10.502+0100][0.469s] Concurrent Workers: 2
[2024-11-13T12:01:10.502+0100][0.469s] Concurrent Refinement Workers: 8
[2024-11-13T12:01:10.502+0100][0.469s] Periodic GC: Disabled
[2024-11-13T12:01:10.585+0100][0.552s] CDS archive(s) mapped at: [0x0000000125000000-0x0000000125ca4000-0x0000000125ca4000), size 13254656, SharedBaseAddress: 0x0000000125000000, ArchiveRelocationMode: 1.
[2024-11-13T12:01:10.585+0100][0.552s] Compressed class space mapped at: 0x0000000126000000-0x0000000166000000, reserved size: 1073741824
[2024-11-13T12:01:10.585+0100][0.552s] Narrow klass base: 0x0000000125000000, Narrow klass shift: 0, Narrow klass range: 0x100000000
[2024-11-13T12:01:11.706+0100][1.673s] GC(0) Pause Young (Normal) (G1 Evacuation Pause)
[2024-11-13T12:01:11.707+0100][1.674s] GC(0) Using 8 workers of 8 for evacuation
[2024-11-13T12:01:11.714+0100][1.681s] GC(0)   Pre Evacuate Collection Set: 0.2ms
[2024-11-13T12:01:11.714+0100][1.681s] GC(0)   Merge Heap Roots: 0.1ms
[2024-11-13T12:01:11.714+0100][1.681s] GC(0)   Evacuate Collection Set: 4.5ms
[2024-11-13T12:01:11.714+0100][1.681s] GC(0)   Post Evacuate Collection Set: 0.5ms
[2024-11-13T12:01:11.714+0100][1.681s] GC(0)   Other: 0.8ms
[2024-11-13T12:01:11.714+0100][1.681s] GC(0) Eden regions: 29->0(52)
[2024-11-13T12:01:11.714+0100][1.681s] GC(0) Survivor regions: 0->4(4)
[2024-11-13T12:01:11.714+0100][1.681s] GC(0) Old regions: 2->2
[2024-11-13T12:01:11.714+0100][1.681s] GC(0) Humongous regions: 0->0
[2024-11-13T12:01:11.714+0100][1.681s] GC(0) Metaspace: 9826K(9984K)->9826K(9984K) NonClass: 8700K(8768K)->8700K(8768K) Class: 1125K(1216K)->1125K(1216K)
[2024-11-13T12:01:11.714+0100][1.681s] GC(0) Pause Young (Normal) (G1 Evacuation Pause) 30M->4M(512M) 8.135ms
[2024-11-13T12:01:11.714+0100][1.681s] GC(0) User=0.02s Sys=0.00s Real=0.01s
[2024-11-13T12:01:12.820+0100][2.787s] GC(1) Pause Young (Normal) (G1 Evacuation Pause)
[2024-11-13T12:01:12.820+0100][2.787s] GC(1) Using 8 workers of 8 for evacuation
[2024-11-13T12:01:12.831+0100][2.798s] GC(1)   Pre Evacuate Collection Set: 0.1ms
[2024-11-13T12:01:12.831+0100][2.798s] GC(1)   Merge Heap Roots: 0.1ms
[2024-11-13T12:01:12.831+0100][2.798s] GC(1)   Evacuate Collection Set: 10.0ms
[2024-11-13T12:01:12.831+0100][2.798s] GC(1)   Post Evacuate Collection Set: 0.6ms
[2024-11-13T12:01:12.831+0100][2.798s] GC(1)   Other: 0.1ms
[2024-11-13T12:01:12.832+0100][2.798s] GC(1) Eden regions: 52->0(83)
[2024-11-13T12:01:12.832+0100][2.798s] GC(1) Survivor regions: 4->7(7)
[2024-11-13T12:01:12.832+0100][2.798s] GC(1) Old regions: 2->10
[2024-11-13T12:01:12.832+0100][2.798s] GC(1) Humongous regions: 4->4
[2024-11-13T12:01:12.832+0100][2.798s] GC(1) Metaspace: 19526K(19904K)->19526K(19904K) NonClass: 17259K(17472K)->17259K(17472K) Class: 2266K(2432K)->2266K(2432K)
[2024-11-13T12:01:12.832+0100][2.799s] GC(1) Pause Young (Normal) (G1 Evacuation Pause) 60M->19M(512M) 11.312ms
[2024-11-13T12:01:12.832+0100][2.799s] GC(1) User=0.08s Sys=0.00s Real=0.01s
[2024-11-13T12:01:13.369+0100][3.336s] GC(2) Pause Young (Concurrent Start) (Metadata GC Threshold)
[2024-11-13T12:01:13.369+0100][3.336s] GC(2) Using 8 workers of 8 for evacuation
[2024-11-13T12:01:13.376+0100][3.343s] GC(2)   Pre Evacuate Collection Set: 0.5ms
[2024-11-13T12:01:13.376+0100][3.343s] GC(2)   Merge Heap Roots: 0.1ms
[2024-11-13T12:01:13.376+0100][3.343s] GC(2)   Evacuate Collection Set: 6.2ms
[2024-11-13T12:01:13.376+0100][3.343s] GC(2)   Post Evacuate Collection Set: 0.5ms
[2024-11-13T12:01:13.376+0100][3.343s] GC(2)   Other: 0.1ms
[2024-11-13T12:01:13.376+0100][3.343s] GC(2) Eden regions: 57->0(302)
[2024-11-13T12:01:13.376+0100][3.343s] GC(2) Survivor regions: 7->5(11)
[2024-11-13T12:01:13.377+0100][3.343s] GC(2) Old regions: 10->17
[2024-11-13T12:01:13.377+0100][3.343s] GC(2) Humongous regions: 4->4
[2024-11-13T12:01:13.377+0100][3.343s] GC(2) Metaspace: 21131K(21504K)->21131K(21504K) NonClass: 18684K(18880K)->18684K(18880K) Class: 2446K(2624K)->2446K(2624K)
[2024-11-13T12:01:13.377+0100][3.343s] GC(2) Pause Young (Concurrent Start) (Metadata GC Threshold) 76M->24M(512M) 7.816ms
[2024-11-13T12:01:13.377+0100][3.343s] GC(3) Concurrent Mark Cycle
[2024-11-13T12:01:13.377+0100][3.343s] GC(2) User=0.04s Sys=0.00s Real=0.01s
[2024-11-13T12:01:13.377+0100][3.344s] GC(3) Concurrent Scan Root Regions
[2024-11-13T12:01:13.381+0100][3.348s] GC(3) Concurrent Scan Root Regions 4.740ms
[2024-11-13T12:01:13.382+0100][3.348s] GC(3) Concurrent Mark
[2024-11-13T12:01:13.382+0100][3.348s] GC(3) Concurrent Mark From Roots
[2024-11-13T12:01:13.382+0100][3.348s] GC(3) Using 2 workers of 2 for marking
[2024-11-13T12:01:13.396+0100][3.362s] GC(3) Concurrent Mark From Roots 13.964ms
[2024-11-13T12:01:13.396+0100][3.362s] GC(3) Concurrent Preclean
[2024-11-13T12:01:13.396+0100][3.363s] GC(3) Concurrent Preclean 0.440ms
[2024-11-13T12:01:13.396+0100][3.363s] GC(3) Pause Remark
[2024-11-13T12:01:13.399+0100][3.366s] GC(3) Pause Remark 25M->25M(512M) 2.909ms
[2024-11-13T12:01:13.399+0100][3.366s] GC(3) User=0.01s Sys=0.00s Real=0.00s
[2024-11-13T12:01:13.399+0100][3.366s] GC(3) Concurrent Mark 17.970ms
[2024-11-13T12:01:13.400+0100][3.366s] GC(3) Concurrent Rebuild Remembered Sets and Scrub Regions
[2024-11-13T12:01:13.409+0100][3.376s] GC(3) Concurrent Rebuild Remembered Sets and Scrub Regions 9.665ms
[2024-11-13T12:01:13.410+0100][3.376s] GC(3) Pause Cleanup
[2024-11-13T12:01:13.410+0100][3.377s] GC(3) Pause Cleanup 26M->26M(512M) 0.150ms
[2024-11-13T12:01:13.410+0100][3.377s] GC(3) User=0.00s Sys=0.00s Real=0.00s
[2024-11-13T12:01:13.410+0100][3.377s] GC(3) Concurrent Clear Claimed Marks
[2024-11-13T12:01:13.410+0100][3.377s] GC(3) Concurrent Clear Claimed Marks 0.056ms
[2024-11-13T12:01:13.410+0100][3.377s] GC(3) Concurrent Cleanup for Next Mark
[2024-11-13T12:01:13.411+0100][3.378s] GC(3) Concurrent Cleanup for Next Mark 0.982ms
[2024-11-13T12:01:13.411+0100][3.378s] GC(3) Concurrent Mark Cycle 34.692ms
[2024-11-13T12:01:15.181+0100][5.148s] GC(4) Pause Young (Prepare Mixed) (Metadata GC Threshold)
[2024-11-13T12:01:15.181+0100][5.148s] GC(4) Using 8 workers of 8 for evacuation
[2024-11-13T12:01:15.185+0100][5.152s] GC(4)   Pre Evacuate Collection Set: 0.1ms
[2024-11-13T12:01:15.185+0100][5.152s] GC(4)   Merge Heap Roots: 0.1ms
[2024-11-13T12:01:15.185+0100][5.152s] GC(4)   Evacuate Collection Set: 3.4ms
[2024-11-13T12:01:15.185+0100][5.152s] GC(4)   Post Evacuate Collection Set: 0.5ms
[2024-11-13T12:01:15.185+0100][5.152s] GC(4)   Other: 0.1ms
[2024-11-13T12:01:15.185+0100][5.152s] GC(4) Eden regions: 77->0(276)
[2024-11-13T12:01:15.185+0100][5.152s] GC(4) Survivor regions: 5->8(39)
[2024-11-13T12:01:15.185+0100][5.152s] GC(4) Old regions: 17->17
[2024-11-13T12:01:15.185+0100][5.152s] GC(4) Humongous regions: 4->4
[2024-11-13T12:01:15.185+0100][5.152s] GC(4) Metaspace: 35826K(36416K)->35826K(36416K) NonClass: 31682K(32000K)->31682K(32000K) Class: 4144K(4416K)->4144K(4416K)
[2024-11-13T12:01:15.185+0100][5.152s] GC(4) Pause Young (Prepare Mixed) (Metadata GC Threshold) 101M->27M(512M) 4.588ms
[2024-11-13T12:01:15.185+0100][5.152s] GC(4) User=0.02s Sys=0.00s Real=0.00s
[2024-11-13T12:01:15.198+0100][5.165s] GC(5) Pause Young (Mixed) (Metadata GC Threshold)
[2024-11-13T12:01:15.198+0100][5.165s] GC(5) Using 8 workers of 8 for evacuation
[2024-11-13T12:01:15.202+0100][5.169s] GC(5)   Pre Evacuate Collection Set: 0.2ms
[2024-11-13T12:01:15.203+0100][5.169s] GC(5)   Merge Heap Roots: 0.1ms
[2024-11-13T12:01:15.203+0100][5.169s] GC(5)   Evacuate Collection Set: 3.7ms
[2024-11-13T12:01:15.203+0100][5.169s] GC(5)   Post Evacuate Collection Set: 0.5ms
[2024-11-13T12:01:15.203+0100][5.169s] GC(5)   Other: 0.1ms
[2024-11-13T12:01:15.203+0100][5.169s] GC(5) Eden regions: 1->0(274)
[2024-11-13T12:01:15.203+0100][5.169s] GC(5) Survivor regions: 8->8(36)
[2024-11-13T12:01:15.203+0100][5.169s] GC(5) Old regions: 17->16
[2024-11-13T12:01:15.203+0100][5.169s] GC(5) Humongous regions: 4->4
[2024-11-13T12:01:15.203+0100][5.169s] GC(5) Metaspace: 36110K(36736K)->36110K(36736K) NonClass: 31949K(32320K)->31949K(32320K) Class: 4161K(4416K)->4161K(4416K)
[2024-11-13T12:01:15.203+0100][5.170s] GC(5) Pause Young (Mixed) (Metadata GC Threshold) 28M->27M(512M) 4.898ms
[2024-11-13T12:01:15.203+0100][5.170s] GC(5) User=0.03s Sys=0.00s Real=0.01s
[2024-11-13T12:01:15.214+0100][5.180s] GC(6) Pause Young (Concurrent Start) (Metadata GC Threshold)
[2024-11-13T12:01:15.214+0100][5.180s] GC(6) Using 8 workers of 8 for evacuation
[2024-11-13T12:01:15.218+0100][5.185s] GC(6)   Pre Evacuate Collection Set: 0.2ms
[2024-11-13T12:01:15.218+0100][5.185s] GC(6)   Merge Heap Roots: 0.1ms
[2024-11-13T12:01:15.218+0100][5.185s] GC(6)   Evacuate Collection Set: 3.4ms
[2024-11-13T12:01:15.218+0100][5.185s] GC(6)   Post Evacuate Collection Set: 0.5ms
[2024-11-13T12:01:15.218+0100][5.185s] GC(6)   Other: 0.1ms
[2024-11-13T12:01:15.218+0100][5.185s] GC(6) Eden regions: 1->0(299)
[2024-11-13T12:01:15.218+0100][5.185s] GC(6) Survivor regions: 8->8(36)
[2024-11-13T12:01:15.218+0100][5.185s] GC(6) Old regions: 16->16
[2024-11-13T12:01:15.218+0100][5.185s] GC(6) Humongous regions: 4->4
[2024-11-13T12:01:15.218+0100][5.185s] GC(6) Metaspace: 36458K(37056K)->36458K(37056K) NonClass: 32260K(32576K)->32260K(32576K) Class: 4198K(4480K)->4198K(4480K)
[2024-11-13T12:01:15.218+0100][5.185s] GC(6) Pause Young (Concurrent Start) (Metadata GC Threshold) 28M->27M(512M) 4.658ms
[2024-11-13T12:01:15.218+0100][5.185s] GC(6) User=0.02s Sys=0.00s Real=0.00s
[2024-11-13T12:01:15.218+0100][5.185s] GC(7) Concurrent Mark Cycle
[2024-11-13T12:01:15.218+0100][5.185s] GC(7) Concurrent Scan Root Regions
[2024-11-13T12:01:15.221+0100][5.187s] GC(7) Concurrent Scan Root Regions 2.251ms
[2024-11-13T12:01:15.221+0100][5.187s] GC(7) Concurrent Mark
[2024-11-13T12:01:15.221+0100][5.187s] GC(7) Concurrent Mark From Roots
[2024-11-13T12:01:15.221+0100][5.188s] GC(7) Using 2 workers of 2 for marking
[2024-11-13T12:01:15.239+0100][5.205s] GC(7) Concurrent Mark From Roots 17.904ms
[2024-11-13T12:01:15.239+0100][5.205s] GC(7) Concurrent Preclean
[2024-11-13T12:01:15.239+0100][5.206s] GC(7) Concurrent Preclean 0.057ms
[2024-11-13T12:01:15.239+0100][5.206s] GC(7) Pause Remark
[2024-11-13T12:01:15.242+0100][5.209s] GC(7) Pause Remark 28M->28M(512M) 2.943ms
[2024-11-13T12:01:15.242+0100][5.209s] GC(7) User=0.02s Sys=0.00s Real=0.01s
[2024-11-13T12:01:15.242+0100][5.209s] GC(7) Concurrent Mark 21.291ms
[2024-11-13T12:01:15.242+0100][5.209s] GC(7) Concurrent Rebuild Remembered Sets and Scrub Regions
[2024-11-13T12:01:15.250+0100][5.217s] GC(7) Concurrent Rebuild Remembered Sets and Scrub Regions 7.743ms
[2024-11-13T12:01:15.250+0100][5.217s] GC(7) Pause Cleanup
[2024-11-13T12:01:15.250+0100][5.217s] GC(7) Pause Cleanup 30M->30M(512M) 0.167ms
[2024-11-13T12:01:15.250+0100][5.217s] GC(7) User=0.00s Sys=0.00s Real=0.00s
[2024-11-13T12:01:15.250+0100][5.217s] GC(7) Concurrent Clear Claimed Marks
[2024-11-13T12:01:15.250+0100][5.217s] GC(7) Concurrent Clear Claimed Marks 0.069ms
[2024-11-13T12:01:15.251+0100][5.217s] GC(7) Concurrent Cleanup for Next Mark
[2024-11-13T12:01:15.251+0100][5.218s] GC(7) Concurrent Cleanup for Next Mark 0.745ms
[2024-11-13T12:01:15.251+0100][5.218s] GC(7) Concurrent Mark Cycle 33.003ms
[2024-11-13T12:01:47.165+0100][37.131s] Heap
[2024-11-13T12:01:47.166+0100][37.132s]  garbage-first heap   total 524288K, used 128615K [0x00000007e0000000, 0x0000000800000000)
[2024-11-13T12:01:47.166+0100][37.132s]   region size 1024K, 107 young (109568K), 8 survivors (8192K)
[2024-11-13T12:01:47.166+0100][37.132s]  Metaspace       used 49748K, committed 50496K, reserved 1114112K
[2024-11-13T12:01:47.166+0100][37.132s]   class space    used 6028K, committed 6400K, reserved 1048576K
